[preview.colorlib.com/theme/alime/index.html]
[backblue.gif]
[fade.gif]
[index.html]
[preview.colorlib.com/theme/alime/img/core-img/favicon.png]
[preview.colorlib.com/theme/alime/style.css]
[preview.colorlib.com/theme/alime/index-2.html]
[preview.colorlib.com/theme/alime/img/core-img/xlogo.png.pagespeed.ic.60Us8DnX1M.png]
[preview.colorlib.com/theme/alime/about.html]
[preview.colorlib.com/theme/alime/gallery.html]
[preview.colorlib.com/theme/alime/blog.html]
[preview.colorlib.com/theme/alime/single-blog.html]
[preview.colorlib.com/theme/alime/contact.html]
[preview.colorlib.com/theme/alime/img/bg-img/x1.jpg.pagespeed.ic.utcnzBcD-Z.jpg]
[preview.colorlib.com/theme/alime/img/bg-img/x2.jpg.pagespeed.ic.7hGgn6r8NV.jpg]
[preview.colorlib.com/theme/alime/img/bg-img/x3.jpg.pagespeed.ic.eGHoOv1FYm.jpg]
[preview.colorlib.com/theme/alime/img/bg-img/3.jpg]
[preview.colorlib.com/theme/alime/img/bg-img/x4.jpg.pagespeed.ic.TrJNYkOSeT.jpg]
[preview.colorlib.com/theme/alime/img/bg-img/4.jpg]
[preview.colorlib.com/theme/alime/img/bg-img/x5.jpg.pagespeed.ic.qriIx1CeQU.jpg]
[preview.colorlib.com/theme/alime/img/bg-img/5.jpg]
[preview.colorlib.com/theme/alime/img/bg-img/x6.jpg.pagespeed.ic.goptqj6Wcf.jpg]
[preview.colorlib.com/theme/alime/img/bg-img/6.jpg]
[preview.colorlib.com/theme/alime/img/bg-img/x7.jpg.pagespeed.ic.qrZFGe0F9x.jpg]
[preview.colorlib.com/theme/alime/img/bg-img/7.jpg]
[preview.colorlib.com/theme/alime/img/bg-img/x8.jpg.pagespeed.ic.lvmmShPHqM.jpg]
[preview.colorlib.com/theme/alime/img/bg-img/8.jpg]
[preview.colorlib.com/theme/alime/img/bg-img/x10.jpg.pagespeed.ic.KxEe_FCFeE.jpg]
[preview.colorlib.com/theme/alime/img/bg-img/10.jpg]
[preview.colorlib.com/theme/alime/img/bg-img/x9.jpg.pagespeed.ic.YfdmeLteck.jpg]
[preview.colorlib.com/theme/alime/img/bg-img/9.jpg]
[preview.colorlib.com/theme/alime/img/bg-img/x36.jpg.pagespeed.ic.zZ3XGwPkfN.jpg]
[preview.colorlib.com/theme/alime/img/bg-img/36.jpg]
[preview.colorlib.com/theme/alime/img/bg-img/x37.jpg.pagespeed.ic.-2w2XuglZw.jpg]
[preview.colorlib.com/theme/alime/img/bg-img/37.jpg]
[preview.colorlib.com/theme/alime/img/bg-img/x11.jpg.pagespeed.ic.EUL6KdRKnX.jpg]
[preview.colorlib.com/theme/alime/img/bg-img/x12.jpg.pagespeed.ic.KtvCPGmp2L.jpg]
[preview.colorlib.com/theme/alime/img/bg-img/x13.jpg.pagespeed.ic.Yyn_qfYWhe.jpg]
[preview.colorlib.com/theme/alime/img/bg-img/x14.jpg.pagespeed.ic.HrODpshf0G.jpg]
[preview.colorlib.com/theme/alime/img/bg-img/x15.jpg.pagespeed.ic.E9v-lQJEPj.jpg]
[preview.colorlib.com/theme/alime/img/bg-img/x16.jpg.pagespeed.ic._rIX_EXu7n.jpg]
[preview.colorlib.com/cdn-cgi/scripts/5c5dd728/cloudflare-static/email-decode.min.js]
[preview.colorlib.com/theme/alime/img/core-img/logo2.png]
[preview.colorlib.com/theme/alime/js/jquery.min.js]
[preview.colorlib.com/theme/alime/js/popper.min.js+bootstrap.min.js.pagespeed.jc.9S4FA15Zn6.js]
[preview.colorlib.com/theme/alime/js/alime.bundle.js]
[preview.colorlib.com/theme/alime/index.html]
[preview.colorlib.com/theme/alime/js/default-assets/active.js]
[preview.colorlib.com/theme/alime/css/bootstrap.min.css]
[preview.colorlib.com/theme/alime/css/animate.css]
[preview.colorlib.com/theme/alime/css/default-assets/classy-nav.css]
[preview.colorlib.com/theme/alime/css/owl.carousel.min.css]
[preview.colorlib.com/theme/alime/css/magnific-popup.css]
[preview.colorlib.com/theme/alime/css/font-awesome.min.css]
[preview.colorlib.com/theme/alime/css/default-assets/themify-icons.css]
[preview.colorlib.com/theme/alime/style.css]
[preview.colorlib.com/cdn-cgi/zaraz/sd0d9.js]
[preview.colorlib.com/theme/alime/css/style.css]
[preview.colorlib.com/theme/alime/A.style.css.pagespeed.cf.0VivtDGN1d.css]
[preview.colorlib.com/theme/alime/img/core-img/xlogo2.png.pagespeed.ic.Cog7rKCyEa.png]
[preview.colorlib.com/theme/alime/index-2.html]
[preview.colorlib.com/theme/alime/img/bg-img/x38.jpg.pagespeed.ic.iei-le2mzD.jpg]
[preview.colorlib.com/theme/alime/img/bg-img/x17.jpg.pagespeed.ic.rJ1it1yDI6.jpg]
[preview.colorlib.com/theme/alime/img/bg-img/x19.jpg.pagespeed.ic.3a_Pz2UTsD.jpg]
[preview.colorlib.com/theme/alime/img/bg-img/x20.jpg.pagespeed.ic.3Rmp-Ap_3G.jpg]
[preview.colorlib.com/theme/alime/img/bg-img/x21.jpg.pagespeed.ic.pstzR2rHfZ.jpg]
[preview.colorlib.com/theme/alime/img/bg-img/x22.jpg.pagespeed.ic.lJODweU2K1.jpg]
[preview.colorlib.com/theme/alime/about.html]
[preview.colorlib.com/theme/alime/img/bg-img/x39.jpg.pagespeed.ic.MLLXHm2RCl.jpg]
[preview.colorlib.com/theme/alime/img/bg-img/39.jpg]
[preview.colorlib.com/theme/alime/img/bg-img/x40.jpg.pagespeed.ic.oYJYDcxUpG.jpg]
[preview.colorlib.com/theme/alime/img/bg-img/40.jpg]
[preview.colorlib.com/theme/alime/img/bg-img/x41.jpg.pagespeed.ic.6b5kUn681s.jpg]
[preview.colorlib.com/theme/alime/img/bg-img/41.jpg]
[preview.colorlib.com/theme/alime/img/bg-img/x42.jpg.pagespeed.ic.h8-xyeYXTi.jpg]
[preview.colorlib.com/theme/alime/img/bg-img/42.jpg]
[preview.colorlib.com/theme/alime/img/bg-img/x43.jpg.pagespeed.ic.ZOg-OySSEV.jpg]
[preview.colorlib.com/theme/alime/img/bg-img/43.jpg]
[preview.colorlib.com/theme/alime/img/bg-img/x44.jpg.pagespeed.ic.um3ddr6rYM.jpg]
[preview.colorlib.com/theme/alime/img/bg-img/44.jpg]
[preview.colorlib.com/theme/alime/img/bg-img/x45.jpg.pagespeed.ic.7KCLT2riNt.jpg]
[preview.colorlib.com/theme/alime/img/bg-img/45.jpg]
[preview.colorlib.com/theme/alime/img/bg-img/x46.jpg.pagespeed.ic.XGVDFJMYug.jpg]
[preview.colorlib.com/theme/alime/img/bg-img/46.jpg]
[preview.colorlib.com/theme/alime/img/bg-img/x47.jpg.pagespeed.ic.iQIsqZMdn5.jpg]
[preview.colorlib.com/theme/alime/img/bg-img/47.jpg]
[preview.colorlib.com/theme/alime/img/bg-img/x48.jpg.pagespeed.ic.ZwS4OSeMPn.jpg]
[preview.colorlib.com/theme/alime/img/bg-img/48.jpg]
[preview.colorlib.com/theme/alime/img/bg-img/x49.jpg.pagespeed.ic.I0h3N4wQ81.jpg]
[preview.colorlib.com/theme/alime/img/bg-img/49.jpg]
[preview.colorlib.com/theme/alime/img/bg-img/x50.jpg.pagespeed.ic.oqqQP9zpZy.jpg]
[preview.colorlib.com/theme/alime/img/bg-img/50.jpg]
[preview.colorlib.com/theme/alime/gallery.html]
[preview.colorlib.com/theme/alime/img/bg-img/x51.jpg.pagespeed.ic.dImSg_U6Mv.jpg]
[preview.colorlib.com/theme/alime/img/bg-img/x52.jpg.pagespeed.ic.Bfy7-PKQzf.jpg]
[preview.colorlib.com/theme/alime/img/bg-img/x53.jpg.pagespeed.ic.5cbh33rY3V.jpg]
[preview.colorlib.com/theme/alime/img/bg-img/x54.jpg.pagespeed.ic.FBw9h7VGfE.jpg]
[preview.colorlib.com/theme/alime/img/bg-img/x55.jpg.pagespeed.ic.UNfxbFJqB5.jpg]
[preview.colorlib.com/theme/alime/img/bg-img/x56.jpg.pagespeed.ic.60FPz0LsB1.jpg]
[preview.colorlib.com/theme/alime/img/bg-img/x57.jpg.pagespeed.ic.W7yRx0Hm7w.jpg]
[preview.colorlib.com/theme/alime/img/bg-img/x58.jpg.pagespeed.ic.SkZB3qctOp.jpg]
[preview.colorlib.com/theme/alime/img/bg-img/x59.jpg.pagespeed.ic.fL25mk8jtA.jpg]
[preview.colorlib.com/theme/alime/blog.html]
[preview.colorlib.com/theme/alime/img/bg-img/x18.jpg.pagespeed.ic.ZrXlFMHOgc.jpg]
[preview.colorlib.com/theme/alime/img/bg-img/x60.jpg.pagespeed.ic.xm_Iaf_KTT.jpg]
[preview.colorlib.com/theme/alime/img/bg-img/x61.jpg.pagespeed.ic.DoFvAb9N_3.jpg]
[preview.colorlib.com/theme/alime/img/bg-img/x63.jpg.pagespeed.ic.LhvS1N4871.jpg]
[preview.colorlib.com/theme/alime/img/bg-img/x62.jpg.pagespeed.ic.qiOooJv-mn.jpg]
[preview.colorlib.com/theme/alime/img/bg-img/x32.jpg.pagespeed.ic.9Vu1MYE9lL.jpg]
[preview.colorlib.com/theme/alime/img/bg-img/x33.jpg.pagespeed.ic.0fKj-EMyzd.jpg]
[preview.colorlib.com/theme/alime/img/bg-img/x34.jpg.pagespeed.ic.9Zv7nyK03A.jpg]
[preview.colorlib.com/theme/alime/single-blog.html]
[preview.colorlib.com/theme/alime/contact.html]
[preview.colorlib.com/theme/alime/css/bootstrap.min.css]
[preview.colorlib.com/theme/alime/css/animate.css]
[preview.colorlib.com/theme/alime/fonts/classy-fontscb9b.eot]
[preview.colorlib.com/theme/alime/fonts/classy-fontscb9b.ttf]
[preview.colorlib.com/theme/alime/fonts/classy-fontscb9b.woff]
[preview.colorlib.com/theme/alime/css/default-assets/classy-nav.css]
[preview.colorlib.com/theme/alime/fonts/classy-fontscb9b.svg]
[preview.colorlib.com/theme/alime/css/owl.video.play.png]
[preview.colorlib.com/theme/alime/css/owl.carousel.min.css]
[preview.colorlib.com/theme/alime/css/magnific-popup.css]
[preview.colorlib.com/theme/alime/fonts/fontawesome-webfont3e6e.eot]
[preview.colorlib.com/theme/alime/fonts/fontawesome-webfont3e6e.woff2]
[preview.colorlib.com/theme/alime/fonts/fontawesome-webfont3e6e.woff]
[preview.colorlib.com/theme/alime/fonts/fontawesome-webfontd41d.eot]
[preview.colorlib.com/theme/alime/css/font-awesome.min.css]
[preview.colorlib.com/theme/alime/fonts/fontawesome-webfont3e6e.ttf]
[preview.colorlib.com/theme/alime/fonts/fontawesome-webfont3e6e.svg]
[preview.colorlib.com/theme/alime/fonts/themify9f24.eot]
[preview.colorlib.com/theme/alime/fonts/themifyd41d.eot]
[preview.colorlib.com/theme/alime/fonts/themify9f24.woff]
[preview.colorlib.com/theme/alime/fonts/themify9f24.ttf]
[preview.colorlib.com/theme/alime/css/default-assets/themify-icons.css]
[preview.colorlib.com/theme/alime/css/fonts/ElegantIcons.eot]
[preview.colorlib.com/theme/alime/css/fonts/ElegantIconsd41d.eot]
[preview.colorlib.com/theme/alime/css/fonts/ElegantIcons.woff]
[preview.colorlib.com/theme/alime/fonts/themify9f24.svg]
[preview.colorlib.com/theme/alime/css/fonts/ElegantIcons.ttf]
[preview.colorlib.com/theme/alime/css/style.css]
[preview.colorlib.com/theme/alime/A.style.css.pagespeed.cf.0VivtDGN1d.css]
[preview.colorlib.com/theme/alime/fonts/classy-fontscb9b.svg]
[preview.colorlib.com/theme/alime/css/owl.video.play.html]
[preview.colorlib.com/theme/alime/fonts/fontawesome-webfont3e6e.svg]
[preview.colorlib.com/theme/alime/fonts/themify9f24.svg]
[preview.colorlib.com/theme/alime/css/fonts/ElegantIcons.svg]
[preview.colorlib.com/theme/alime/css/fonts/ElegantIcons.svg]
